// Jest Snapshot v1, https://goo.gl/fbAQLP

exports[`Match calculator snapshoot 1`] = `
<section
  className="sc-bdvvtL gEHaGq"
>
  <h2
    className="sc-gsDKAQ dCIjQH"
  >
    Let’s do some maths!
  </h2>
  <div
    className="calculator-container"
  >
    <div
      className="output"
    >
      <div
        className="operand"
      >
        0
      </div>
    </div>
    <button
      onClick={[Function]}
      type="button"
    >
      AC
    </button>
    <button
      onClick={[Function]}
      type="button"
    >
      +/-
    </button>
    <button
      onClick={[Function]}
      type="button"
    >
      %
    </button>
    <button
      className="operators"
      onClick={[Function]}
      type="button"
    >
      ÷
    </button>
    <button
      onClick={[Function]}
      type="button"
    >
      7
    </button>
    <button
      onClick={[Function]}
      type="button"
    >
      8
    </button>
    <button
      onClick={[Function]}
      type="button"
    >
      9
    </button>
    <button
      className="operators"
      onClick={[Function]}
      type="button"
    >
      x
    </button>
    <button
      onClick={[Function]}
      type="button"
    >
      4
    </button>
    <button
      onClick={[Function]}
      type="button"
    >
      5
    </button>
    <button
      onClick={[Function]}
      type="button"
    >
      6
    </button>
    <button
      className="operators"
      onClick={[Function]}
      type="button"
    >
      +
    </button>
    <button
      onClick={[Function]}
      type="button"
    >
      1
    </button>
    <button
      onClick={[Function]}
      type="button"
    >
      2
    </button>
    <button
      onClick={[Function]}
      type="button"
    >
      3
    </button>
    <button
      className="operators"
      onClick={[Function]}
      type="button"
    >
      -
    </button>
    <button
      className="span-two"
      onClick={[Function]}
      type="button"
    >
      0
    </button>
    <button
      onClick={[Function]}
      type="button"
    >
      .
    </button>
    <button
      className="operators"
      onClick={[Function]}
      type="button"
    >
      =
    </button>
  </div>
</section>
`;
